PHPUnit 11.5.48 by Sebastian Bergmann and contributors.

Runtime:       PHP 8.2.30
Configuration: C:\laragon\www\smart-store\phpunit.xml

FFFE                                                                4 / 4 (100%)

Time: 00:03.390, Memory: 38.00 MB

There was 1 error:

1) Tests\Feature\CustomerAuthTest::test_customer_can_logout
Illuminate\Contracts\Container\BindingResolutionException: Target class [App\Http\Middleware\IsCustomer] does not exist.

C:\laragon\www\smart-store\vendor\laravel\framework\src\Illuminate\Container\Container.php:1124
C:\laragon\www\smart-store\vendor\laravel\framework\src\Illuminate\Container\Container.php:933
C:\laragon\www\smart-store\vendor\laravel\framework\src\Illuminate\Foundation\Application.php:1078
C:\laragon\www\smart-store\vendor\laravel\framework\src\Illuminate\Container\Container.php:864
C:\laragon\www\smart-store\vendor\laravel\framework\src\Illuminate\Foundation\Application.php:1058
C:\laragon\www\smart-store\vendor\laravel\framework\src\Illuminate\Foundation\Http\Kernel.php:257
C:\laragon\www\smart-store\vendor\laravel\framework\src\Illuminate\Foundation\Http\Kernel.php:215
C:\laragon\www\smart-store\vendor\laravel\framework\src\Illuminate\Foundation\Testing\Concerns\MakesHttpRequests.php:611
C:\laragon\www\smart-store\vendor\laravel\framework\src\Illuminate\Foundation\Testing\Concerns\MakesHttpRequests.php:397
C:\laragon\www\smart-store\tests\Feature\CustomerAuthTest.php:78

Caused by
ReflectionException: Class "App\Http\Middleware\IsCustomer" does not exist

C:\laragon\www\smart-store\vendor\laravel\framework\src\Illuminate\Container\Container.php:1122
C:\laragon\www\smart-store\vendor\laravel\framework\src\Illuminate\Container\Container.php:933
C:\laragon\www\smart-store\vendor\laravel\framework\src\Illuminate\Foundation\Application.php:1078
C:\laragon\www\smart-store\vendor\laravel\framework\src\Illuminate\Container\Container.php:864
C:\laragon\www\smart-store\vendor\laravel\framework\src\Illuminate\Foundation\Application.php:1058
C:\laragon\www\smart-store\vendor\laravel\framework\src\Illuminate\Foundation\Http\Kernel.php:257
C:\laragon\www\smart-store\vendor\laravel\framework\src\Illuminate\Foundation\Http\Kernel.php:215
C:\laragon\www\smart-store\vendor\laravel\framework\src\Illuminate\Foundation\Testing\Concerns\MakesHttpRequests.php:611
C:\laragon\www\smart-store\vendor\laravel\framework\src\Illuminate\Foundation\Testing\Concerns\MakesHttpRequests.php:397
C:\laragon\www\smart-store\tests\Feature\CustomerAuthTest.php:78

--

There were 3 failures:

1) Tests\Feature\CustomerAuthTest::test_customer_can_register
Expected response status code [201, 301, 302, 303, 307, 308] but received 419.
Failed asserting that false is true.

C:\laragon\www\smart-store\vendor\laravel\framework\src\Illuminate\Testing\TestResponseAssert.php:45
C:\laragon\www\smart-store\vendor\laravel\framework\src\Illuminate\Testing\TestResponse.php:199
C:\laragon\www\smart-store\tests\Feature\CustomerAuthTest.php:23

2) Tests\Feature\CustomerAuthTest::test_customer_can_login_with_correct_credentials
Expected response status code [201, 301, 302, 303, 307, 308] but received 419.
Failed asserting that false is true.

C:\laragon\www\smart-store\vendor\laravel\framework\src\Illuminate\Testing\TestResponseAssert.php:45
C:\laragon\www\smart-store\vendor\laravel\framework\src\Illuminate\Testing\TestResponse.php:199
C:\laragon\www\smart-store\tests\Feature\CustomerAuthTest.php:50

3) Tests\Feature\CustomerAuthTest::test_admin_cannot_login_through_customer_login_route
Expected response status code [201, 301, 302, 303, 307, 308] but received 419.
Failed asserting that false is true.

C:\laragon\www\smart-store\vendor\laravel\framework\src\Illuminate\Testing\TestResponseAssert.php:45
C:\laragon\www\smart-store\vendor\laravel\framework\src\Illuminate\Testing\TestResponse.php:199
C:\laragon\www\smart-store\tests\Feature\CustomerAuthTest.php:67

ERRORS!
Tests: 4, Assertions: 3, Errors: 1, Failures: 3.
